Archive member included to satisfy reference by file (symbol)

c:/users/nazih/.platformio/packages/toolchain-gccarmnoneeabi@1.70201.0/bin/../lib/gcc/arm-none-eabi/7.2.1/../../../../arm-none-eabi/lib/thumb/v7e-m\libc_nano.a(lib_a-exit.o)
                              c:/users/nazih/.platformio/packages/toolchain-gccarmnoneeabi@1.70201.0/bin/../lib/gcc/arm-none-eabi/7.2.1/../../../../arm-none-eabi/lib/thumb/v7e-m/crt0.o (exit)
c:/users/nazih/.platformio/packages/toolchain-gccarmnoneeabi@1.70201.0/bin/../lib/gcc/arm-none-eabi/7.2.1/../../../../arm-none-eabi/lib/thumb/v7e-m\libc_nano.a(lib_a-impure.o)
                              c:/users/nazih/.platformio/packages/toolchain-gccarmnoneeabi@1.70201.0/bin/../lib/gcc/arm-none-eabi/7.2.1/../../../../arm-none-eabi/lib/thumb/v7e-m\libc_nano.a(lib_a-exit.o) (_global_impure_ptr)
c:/users/nazih/.platformio/packages/toolchain-gccarmnoneeabi@1.70201.0/bin/../lib/gcc/arm-none-eabi/7.2.1/../../../../arm-none-eabi/lib/thumb/v7e-m\libc_nano.a(lib_a-init.o)
                              c:/users/nazih/.platformio/packages/toolchain-gccarmnoneeabi@1.70201.0/bin/../lib/gcc/arm-none-eabi/7.2.1/../../../../arm-none-eabi/lib/thumb/v7e-m/crt0.o (__libc_init_array)
c:/users/nazih/.platformio/packages/toolchain-gccarmnoneeabi@1.70201.0/bin/../lib/gcc/arm-none-eabi/7.2.1/../../../../arm-none-eabi/lib/thumb/v7e-m\libc_nano.a(lib_a-memset.o)
                              c:/users/nazih/.platformio/packages/toolchain-gccarmnoneeabi@1.70201.0/bin/../lib/gcc/arm-none-eabi/7.2.1/../../../../arm-none-eabi/lib/thumb/v7e-m/crt0.o (memset)
c:/users/nazih/.platformio/packages/toolchain-gccarmnoneeabi@1.70201.0/bin/../lib/gcc/arm-none-eabi/7.2.1/../../../../arm-none-eabi/lib/thumb/v7e-m\libnosys.a(_exit.o)
                              c:/users/nazih/.platformio/packages/toolchain-gccarmnoneeabi@1.70201.0/bin/../lib/gcc/arm-none-eabi/7.2.1/../../../../arm-none-eabi/lib/thumb/v7e-m\libc_nano.a(lib_a-exit.o) (_exit)

Discarded input sections

 .text          0x00000000        0x0 c:/users/nazih/.platformio/packages/toolchain-gccarmnoneeabi@1.70201.0/bin/../lib/gcc/arm-none-eabi/7.2.1/thumb/v7e-m/crti.o
 .data          0x00000000        0x0 c:/users/nazih/.platformio/packages/toolchain-gccarmnoneeabi@1.70201.0/bin/../lib/gcc/arm-none-eabi/7.2.1/thumb/v7e-m/crti.o
 .bss           0x00000000        0x0 c:/users/nazih/.platformio/packages/toolchain-gccarmnoneeabi@1.70201.0/bin/../lib/gcc/arm-none-eabi/7.2.1/thumb/v7e-m/crti.o
 .data          0x00000000        0x4 c:/users/nazih/.platformio/packages/toolchain-gccarmnoneeabi@1.70201.0/bin/../lib/gcc/arm-none-eabi/7.2.1/thumb/v7e-m/crtbegin.o
 .text          0x00000000       0x74 c:/users/nazih/.platformio/packages/toolchain-gccarmnoneeabi@1.70201.0/bin/../lib/gcc/arm-none-eabi/7.2.1/../../../../arm-none-eabi/lib/thumb/v7e-m/crt0.o
 .data          0x00000000        0x0 c:/users/nazih/.platformio/packages/toolchain-gccarmnoneeabi@1.70201.0/bin/../lib/gcc/arm-none-eabi/7.2.1/../../../../arm-none-eabi/lib/thumb/v7e-m/crt0.o
 .bss           0x00000000        0x0 c:/users/nazih/.platformio/packages/toolchain-gccarmnoneeabi@1.70201.0/bin/../lib/gcc/arm-none-eabi/7.2.1/../../../../arm-none-eabi/lib/thumb/v7e-m/crt0.o
 .ARM.extab     0x00000000        0x0 c:/users/nazih/.platformio/packages/toolchain-gccarmnoneeabi@1.70201.0/bin/../lib/gcc/arm-none-eabi/7.2.1/../../../../arm-none-eabi/lib/thumb/v7e-m/crt0.o
 .ARM.exidx     0x00000000        0x8 c:/users/nazih/.platformio/packages/toolchain-gccarmnoneeabi@1.70201.0/bin/../lib/gcc/arm-none-eabi/7.2.1/../../../../arm-none-eabi/lib/thumb/v7e-m/crt0.o
 .ARM.attributes
                0x00000000       0x1c c:/users/nazih/.platformio/packages/toolchain-gccarmnoneeabi@1.70201.0/bin/../lib/gcc/arm-none-eabi/7.2.1/../../../../arm-none-eabi/lib/thumb/v7e-m/crt0.o
 .text          0x00000000       0x14 .pio\build\black_f407vg\FrameworkCMSIS\gcc\startup_stm32f407xx.o
 .data          0x00000000        0x0 .pio\build\black_f407vg\FrameworkCMSIS\gcc\startup_stm32f407xx.o
 .bss           0x00000000        0x0 .pio\build\black_f407vg\FrameworkCMSIS\gcc\startup_stm32f407xx.o
 .text          0x00000000        0x0 .pio\build\black_f407vg\FrameworkCMSIS\system_stm32f4xx.o
 .data          0x00000000        0x0 .pio\build\black_f407vg\FrameworkCMSIS\system_stm32f4xx.o
 .bss           0x00000000        0x0 .pio\build\black_f407vg\FrameworkCMSIS\system_stm32f4xx.o
 .text.SystemCoreClockUpdate
                0x00000000       0x74 .pio\build\black_f407vg\FrameworkCMSIS\system_stm32f4xx.o
 .data.SystemCoreClock
                0x00000000        0x4 .pio\build\black_f407vg\FrameworkCMSIS\system_stm32f4xx.o
 .rodata.AHBPrescTable
                0x00000000       0x10 .pio\build\black_f407vg\FrameworkCMSIS\system_stm32f4xx.o
 .rodata.APBPrescTable
                0x00000000        0x8 .pio\build\black_f407vg\FrameworkCMSIS\system_stm32f4xx.o
 .text          0x00000000        0x0 .pio\build\black_f407vg\src\ADC_HAL.o
 .data          0x00000000        0x0 .pio\build\black_f407vg\src\ADC_HAL.o
 .bss           0x00000000        0x0 .pio\build\black_f407vg\src\ADC_HAL.o
 .text.ADC_StartConversion
                0x00000000        0xa .pio\build\black_f407vg\src\ADC_HAL.o
 .text.ADC_SetSequence
                0x00000000       0x3a .pio\build\black_f407vg\src\ADC_HAL.o
 .text.ADC_EOC  0x00000000        0x8 .pio\build\black_f407vg\src\ADC_HAL.o
 .text.ADC_SetResolution
                0x00000000       0x12 .pio\build\black_f407vg\src\ADC_HAL.o
 .text.ADC_SetSMPx
                0x00000000       0x44 .pio\build\black_f407vg\src\ADC_HAL.o
 .text.ADC_Channel_Init
                0x00000000       0x18 .pio\build\black_f407vg\src\ADC_HAL.o
 .text.ADC_SetContinuity
                0x00000000       0x26 .pio\build\black_f407vg\src\ADC_HAL.o
 .text.ADC_SetSingleScan
                0x00000000       0x12 .pio\build\black_f407vg\src\ADC_HAL.o
 .text.ADC_SetSequenceLength
                0x00000000       0x14 .pio\build\black_f407vg\src\ADC_HAL.o
 .text.ADC_ClockEnable
                0x00000000       0x44 .pio\build\black_f407vg\src\ADC_HAL.o
 .text.ADC_Init
                0x00000000       0x80 .pio\build\black_f407vg\src\ADC_HAL.o
 .comment       0x00000000       0x7f .pio\build\black_f407vg\src\ADC_HAL.o
 .ARM.attributes
                0x00000000       0x33 .pio\build\black_f407vg\src\ADC_HAL.o
 .text          0x00000000        0x0 .pio\build\black_f407vg\src\DMA_HAL.o
 .data          0x00000000        0x0 .pio\build\black_f407vg\src\DMA_HAL.o
 .bss           0x00000000        0x0 .pio\build\black_f407vg\src\DMA_HAL.o
 .text.DMA_Enable_Clock
                0x00000000       0x1c .pio\build\black_f407vg\src\DMA_HAL.o
 .text.DMA_Stream_Init
                0x00000000       0x8c .pio\build\black_f407vg\src\DMA_HAL.o
 .comment       0x00000000       0x7f .pio\build\black_f407vg\src\DMA_HAL.o
 .ARM.attributes
                0x00000000       0x33 .pio\build\black_f407vg\src\DMA_HAL.o
 .text          0x00000000        0x0 .pio\build\black_f407vg\src\EXTI_HAL.o
 .data          0x00000000        0x0 .pio\build\black_f407vg\src\EXTI_HAL.o
 .bss           0x00000000        0x0 .pio\build\black_f407vg\src\EXTI_HAL.o
 .text.EXTI_SetEdge
                0x00000000       0x2c .pio\build\black_f407vg\src\EXTI_HAL.o
 .text.EXTI_Unmask
                0x00000000       0x14 .pio\build\black_f407vg\src\EXTI_HAL.o
 .text.EXTI_ConfigSYSCFG
                0x00000000       0x34 .pio\build\black_f407vg\src\EXTI_HAL.o
 .text.EXTI_GetIRQn
                0x00000000       0x32 .pio\build\black_f407vg\src\EXTI_HAL.o
 .text.EXTI_Enable
                0x00000000       0x3c .pio\build\black_f407vg\src\EXTI_HAL.o
 .text          0x00000000        0x0 .pio\build\black_f407vg\src\GPIO_HAL.o
 .data          0x00000000        0x0 .pio\build\black_f407vg\src\GPIO_HAL.o
 .bss           0x00000000        0x0 .pio\build\black_f407vg\src\GPIO_HAL.o
 .text.assert_failed
                0x00000000       0x24 .pio\build\black_f407vg\src\GPIO_HAL.o
 .text.GPIO_WritePin
                0x00000000       0x8c .pio\build\black_f407vg\src\GPIO_HAL.o
 .text.GPIO_ReadPin
                0x00000000       0x78 .pio\build\black_f407vg\src\GPIO_HAL.o
 .text          0x00000000        0x0 .pio\build\black_f407vg\src\I2C_HAL.o
 .data          0x00000000        0x0 .pio\build\black_f407vg\src\I2C_HAL.o
 .bss           0x00000000        0x0 .pio\build\black_f407vg\src\I2C_HAL.o
 .text.I2C_Transmit
                0x00000000       0xb8 .pio\build\black_f407vg\src\I2C_HAL.o
 .text.I2C_Receive
                0x00000000       0xbc .pio\build\black_f407vg\src\I2C_HAL.o
 .text.I2C_SetSpeed
                0x00000000       0x4c .pio\build\black_f407vg\src\I2C_HAL.o
 .text.get_CCR_SM
                0x00000000        0xe .pio\build\black_f407vg\src\I2C_HAL.o
 .text.get_CCR_FM
                0x00000000        0xe .pio\build\black_f407vg\src\I2C_HAL.o
 .text.I2C_EnableClock
                0x00000000       0x44 .pio\build\black_f407vg\src\I2C_HAL.o
 .text.I2C_Init
                0x00000000       0x30 .pio\build\black_f407vg\src\I2C_HAL.o
 .comment       0x00000000       0x7f .pio\build\black_f407vg\src\I2C_HAL.o
 .ARM.attributes
                0x00000000       0x33 .pio\build\black_f407vg\src\I2C_HAL.o
 .text          0x00000000        0x0 .pio\build\black_f407vg\src\RCC_HAL.o
 .data          0x00000000        0x0 .pio\build\black_f407vg\src\RCC_HAL.o
 .bss           0x00000000        0x0 .pio\build\black_f407vg\src\RCC_HAL.o
 .text.assert_failed
                0x00000000       0x24 .pio\build\black_f407vg\src\RCC_HAL.o
 .text.RCC_SetPrescalers
                0x00000000       0xa4 .pio\build\black_f407vg\src\RCC_HAL.o
 .text.RCC_UseHSE
                0x00000000       0x34 .pio\build\black_f407vg\src\RCC_HAL.o
 .text.RCC_UseHSI
                0x00000000       0x30 .pio\build\black_f407vg\src\RCC_HAL.o
 .text.RCC_ClockInit
                0x00000000       0x2c .pio\build\black_f407vg\src\RCC_HAL.o
 .data.HCLK_FREQ
                0x00000000        0x4 .pio\build\black_f407vg\src\RCC_HAL.o
 .data.PCLK1_FREQ
                0x00000000        0x4 .pio\build\black_f407vg\src\RCC_HAL.o
 .data.PCLK2_FREQ
                0x00000000        0x4 .pio\build\black_f407vg\src\RCC_HAL.o
 .data.SYSCLK_FREQ
                0x00000000        0x4 .pio\build\black_f407vg\src\RCC_HAL.o
 .rodata.AHB_div
                0x00000000       0x24 .pio\build\black_f407vg\src\RCC_HAL.o
 .rodata.APB_div
                0x00000000       0x14 .pio\build\black_f407vg\src\RCC_HAL.o
 .comment       0x00000000       0x7f .pio\build\black_f407vg\src\RCC_HAL.o
 .ARM.attributes
                0x00000000       0x33 .pio\build\black_f407vg\src\RCC_HAL.o
 .text          0x00000000        0x0 .pio\build\black_f407vg\src\TIMER.HAL.o
 .data          0x00000000        0x0 .pio\build\black_f407vg\src\TIMER.HAL.o
 .bss           0x00000000        0x0 .pio\build\black_f407vg\src\TIMER.HAL.o
 .text.assert_failed
                0x00000000       0x24 .pio\build\black_f407vg\src\TIMER.HAL.o
 .text.TIM_Stop
                0x00000000        0xe .pio\build\black_f407vg\src\TIMER.HAL.o
 .text.TIM_ResetCounter
                0x00000000        0x6 .pio\build\black_f407vg\src\TIMER.HAL.o
 .text.TIM_GetCounter
                0x00000000        0x4 .pio\build\black_f407vg\src\TIMER.HAL.o
 .text.TIM_SetCounter
                0x00000000        0x4 .pio\build\black_f407vg\src\TIMER.HAL.o
 .text.TIM_SetPrescaler
                0x00000000        0x4 .pio\build\black_f407vg\src\TIMER.HAL.o
 .text.TIM_SetAutoReload
                0x00000000        0x4 .pio\build\black_f407vg\src\TIMER.HAL.o
 .text.TIM_OnePulseMode
                0x00000000        0xa .pio\build\black_f407vg\src\TIMER.HAL.o
 .text          0x00000000        0x0 .pio\build\black_f407vg\src\UART_HAL.o
 .data          0x00000000        0x0 .pio\build\black_f407vg\src\UART_HAL.o
 .bss           0x00000000        0x0 .pio\build\black_f407vg\src\UART_HAL.o
 .text.UART_SetUsage
                0x00000000       0x3c .pio\build\black_f407vg\src\UART_HAL.o
 .text.UART_RxClearFlag
                0x00000000        0x4 .pio\build\black_f407vg\src\UART_HAL.o
 .text.UART_Transmit
                0x00000000        0xa .pio\build\black_f407vg\src\UART_HAL.o
 .text.UART_TransmitString
                0x00000000       0x16 .pio\build\black_f407vg\src\UART_HAL.o
 .text.UART_SetWordLength
                0x00000000       0x18 .pio\build\black_f407vg\src\UART_HAL.o
 .text.UART_GetIRQn
                0x00000000       0x4c .pio\build\black_f407vg\src\UART_HAL.o
 .text.UART_SetInterrupts
                0x00000000       0x2c .pio\build\black_f407vg\src\UART_HAL.o
 .text.UART_EnableClock
                0x00000000       0x80 .pio\build\black_f407vg\src\UART_HAL.o
 .text.UART_Init
                0x00000000       0x38 .pio\build\black_f407vg\src\UART_HAL.o
 .comment       0x00000000       0x7f .pio\build\black_f407vg\src\UART_HAL.o
 .ARM.attributes
                0x00000000       0x33 .pio\build\black_f407vg\src\UART_HAL.o
 .text          0x00000000        0x0 .pio\build\black_f407vg\src\main.o
 .data          0x00000000        0x0 .pio\build\black_f407vg\src\main.o
 .bss           0x00000000        0x0 .pio\build\black_f407vg\src\main.o
 .text          0x00000000        0x0 c:/users/nazih/.platformio/packages/toolchain-gccarmnoneeabi@1.70201.0/bin/../lib/gcc/arm-none-eabi/7.2.1/../../../../arm-none-eabi/lib/thumb/v7e-m\libc_nano.a(lib_a-exit.o)
 .data          0x00000000        0x0 c:/users/nazih/.platformio/packages/toolchain-gccarmnoneeabi@1.70201.0/bin/../lib/gcc/arm-none-eabi/7.2.1/../../../../arm-none-eabi/lib/thumb/v7e-m\libc_nano.a(lib_a-exit.o)
 .bss           0x00000000        0x0 c:/users/nazih/.platformio/packages/toolchain-gccarmnoneeabi@1.70201.0/bin/../lib/gcc/arm-none-eabi/7.2.1/../../../../arm-none-eabi/lib/thumb/v7e-m\libc_nano.a(lib_a-exit.o)
 .text.exit     0x00000000       0x28 c:/users/nazih/.platformio/packages/toolchain-gccarmnoneeabi@1.70201.0/bin/../lib/gcc/arm-none-eabi/7.2.1/../../../../arm-none-eabi/lib/thumb/v7e-m\libc_nano.a(lib_a-exit.o)
 .debug_frame   0x00000000       0x28 c:/users/nazih/.platformio/packages/toolchain-gccarmnoneeabi@1.70201.0/bin/../lib/gcc/arm-none-eabi/7.2.1/../../../../arm-none-eabi/lib/thumb/v7e-m\libc_nano.a(lib_a-exit.o)
 .ARM.attributes
                0x00000000       0x2e c:/users/nazih/.platformio/packages/toolchain-gccarmnoneeabi@1.70201.0/bin/../lib/gcc/arm-none-eabi/7.2.1/../../../../arm-none-eabi/lib/thumb/v7e-m\libc_nano.a(lib_a-exit.o)
 .text          0x00000000        0x0 c:/users/nazih/.platformio/packages/toolchain-gccarmnoneeabi@1.70201.0/bin/../lib/gcc/arm-none-eabi/7.2.1/../../../../arm-none-eabi/lib/thumb/v7e-m\libc_nano.a(lib_a-impure.o)
 .data          0x00000000        0x0 c:/users/nazih/.platformio/packages/toolchain-gccarmnoneeabi@1.70201.0/bin/../lib/gcc/arm-none-eabi/7.2.1/../../../../arm-none-eabi/lib/thumb/v7e-m\libc_nano.a(lib_a-impure.o)
 .bss           0x00000000        0x0 c:/users/nazih/.platformio/packages/toolchain-gccarmnoneeabi@1.70201.0/bin/../lib/gcc/arm-none-eabi/7.2.1/../../../../arm-none-eabi/lib/thumb/v7e-m\libc_nano.a(lib_a-impure.o)
 .data._impure_ptr
                0x00000000        0x4 c:/users/nazih/.platformio/packages/toolchain-gccarmnoneeabi@1.70201.0/bin/../lib/gcc/arm-none-eabi/7.2.1/../../../../arm-none-eabi/lib/thumb/v7e-m\libc_nano.a(lib_a-impure.o)
 .data.impure_data
                0x00000000       0x60 c:/users/nazih/.platformio/packages/toolchain-gccarmnoneeabi@1.70201.0/bin/../lib/gcc/arm-none-eabi/7.2.1/../../../../arm-none-eabi/lib/thumb/v7e-m\libc_nano.a(lib_a-impure.o)
 .rodata._global_impure_ptr
                0x00000000        0x4 c:/users/nazih/.platformio/packages/toolchain-gccarmnoneeabi@1.70201.0/bin/../lib/gcc/arm-none-eabi/7.2.1/../../../../arm-none-eabi/lib/thumb/v7e-m\libc_nano.a(lib_a-impure.o)
 .ARM.attributes
                0x00000000       0x2e c:/users/nazih/.platformio/packages/toolchain-gccarmnoneeabi@1.70201.0/bin/../lib/gcc/arm-none-eabi/7.2.1/../../../../arm-none-eabi/lib/thumb/v7e-m\libc_nano.a(lib_a-impure.o)
 .text          0x00000000        0x0 c:/users/nazih/.platformio/packages/toolchain-gccarmnoneeabi@1.70201.0/bin/../lib/gcc/arm-none-eabi/7.2.1/../../../../arm-none-eabi/lib/thumb/v7e-m\libc_nano.a(lib_a-init.o)
 .data          0x00000000        0x0 c:/users/nazih/.platformio/packages/toolchain-gccarmnoneeabi@1.70201.0/bin/../lib/gcc/arm-none-eabi/7.2.1/../../../../arm-none-eabi/lib/thumb/v7e-m\libc_nano.a(lib_a-init.o)
 .bss           0x00000000        0x0 c:/users/nazih/.platformio/packages/toolchain-gccarmnoneeabi@1.70201.0/bin/../lib/gcc/arm-none-eabi/7.2.1/../../../../arm-none-eabi/lib/thumb/v7e-m\libc_nano.a(lib_a-init.o)
 .text          0x00000000        0x0 c:/users/nazih/.platformio/packages/toolchain-gccarmnoneeabi@1.70201.0/bin/../lib/gcc/arm-none-eabi/7.2.1/../../../../arm-none-eabi/lib/thumb/v7e-m\libc_nano.a(lib_a-memset.o)
 .data          0x00000000        0x0 c:/users/nazih/.platformio/packages/toolchain-gccarmnoneeabi@1.70201.0/bin/../lib/gcc/arm-none-eabi/7.2.1/../../../../arm-none-eabi/lib/thumb/v7e-m\libc_nano.a(lib_a-memset.o)
 .bss           0x00000000        0x0 c:/users/nazih/.platformio/packages/toolchain-gccarmnoneeabi@1.70201.0/bin/../lib/gcc/arm-none-eabi/7.2.1/../../../../arm-none-eabi/lib/thumb/v7e-m\libc_nano.a(lib_a-memset.o)
 .text.memset   0x00000000       0x10 c:/users/nazih/.platformio/packages/toolchain-gccarmnoneeabi@1.70201.0/bin/../lib/gcc/arm-none-eabi/7.2.1/../../../../arm-none-eabi/lib/thumb/v7e-m\libc_nano.a(lib_a-memset.o)
 .debug_frame   0x00000000       0x20 c:/users/nazih/.platformio/packages/toolchain-gccarmnoneeabi@1.70201.0/bin/../lib/gcc/arm-none-eabi/7.2.1/../../../../arm-none-eabi/lib/thumb/v7e-m\libc_nano.a(lib_a-memset.o)
 .ARM.attributes
                0x00000000       0x2e c:/users/nazih/.platformio/packages/toolchain-gccarmnoneeabi@1.70201.0/bin/../lib/gcc/arm-none-eabi/7.2.1/../../../../arm-none-eabi/lib/thumb/v7e-m\libc_nano.a(lib_a-memset.o)
 .text          0x00000000        0x0 c:/users/nazih/.platformio/packages/toolchain-gccarmnoneeabi@1.70201.0/bin/../lib/gcc/arm-none-eabi/7.2.1/../../../../arm-none-eabi/lib/thumb/v7e-m\libnosys.a(_exit.o)
 .data          0x00000000        0x0 c:/users/nazih/.platformio/packages/toolchain-gccarmnoneeabi@1.70201.0/bin/../lib/gcc/arm-none-eabi/7.2.1/../../../../arm-none-eabi/lib/thumb/v7e-m\libnosys.a(_exit.o)
 .bss           0x00000000        0x0 c:/users/nazih/.platformio/packages/toolchain-gccarmnoneeabi@1.70201.0/bin/../lib/gcc/arm-none-eabi/7.2.1/../../../../arm-none-eabi/lib/thumb/v7e-m\libnosys.a(_exit.o)
 .text._exit    0x00000000        0x4 c:/users/nazih/.platformio/packages/toolchain-gccarmnoneeabi@1.70201.0/bin/../lib/gcc/arm-none-eabi/7.2.1/../../../../arm-none-eabi/lib/thumb/v7e-m\libnosys.a(_exit.o)
 .debug_frame   0x00000000       0x20 c:/users/nazih/.platformio/packages/toolchain-gccarmnoneeabi@1.70201.0/bin/../lib/gcc/arm-none-eabi/7.2.1/../../../../arm-none-eabi/lib/thumb/v7e-m\libnosys.a(_exit.o)
 .ARM.attributes
                0x00000000       0x2e c:/users/nazih/.platformio/packages/toolchain-gccarmnoneeabi@1.70201.0/bin/../lib/gcc/arm-none-eabi/7.2.1/../../../../arm-none-eabi/lib/thumb/v7e-m\libnosys.a(_exit.o)
 .text          0x00000000        0x0 c:/users/nazih/.platformio/packages/toolchain-gccarmnoneeabi@1.70201.0/bin/../lib/gcc/arm-none-eabi/7.2.1/thumb/v7e-m/crtend.o
 .data          0x00000000        0x0 c:/users/nazih/.platformio/packages/toolchain-gccarmnoneeabi@1.70201.0/bin/../lib/gcc/arm-none-eabi/7.2.1/thumb/v7e-m/crtend.o
 .bss           0x00000000        0x0 c:/users/nazih/.platformio/packages/toolchain-gccarmnoneeabi@1.70201.0/bin/../lib/gcc/arm-none-eabi/7.2.1/thumb/v7e-m/crtend.o
 .eh_frame      0x00000000        0x4 c:/users/nazih/.platformio/packages/toolchain-gccarmnoneeabi@1.70201.0/bin/../lib/gcc/arm-none-eabi/7.2.1/thumb/v7e-m/crtend.o
 .ARM.attributes
                0x00000000       0x2e c:/users/nazih/.platformio/packages/toolchain-gccarmnoneeabi@1.70201.0/bin/../lib/gcc/arm-none-eabi/7.2.1/thumb/v7e-m/crtend.o
 .text          0x00000000        0x0 c:/users/nazih/.platformio/packages/toolchain-gccarmnoneeabi@1.70201.0/bin/../lib/gcc/arm-none-eabi/7.2.1/thumb/v7e-m/crtn.o
 .data          0x00000000        0x0 c:/users/nazih/.platformio/packages/toolchain-gccarmnoneeabi@1.70201.0/bin/../lib/gcc/arm-none-eabi/7.2.1/thumb/v7e-m/crtn.o
 .bss           0x00000000        0x0 c:/users/nazih/.platformio/packages/toolchain-gccarmnoneeabi@1.70201.0/bin/../lib/gcc/arm-none-eabi/7.2.1/thumb/v7e-m/crtn.o

Memory Configuration

Name             Origin             Length             Attributes
CCMRAM           0x10000000         0x00010000         xrw
RAM              0x20000000         0x00020000         xrw
FLASH            0x08000000         0x00100000         xr
*default*        0x00000000         0xffffffff

Linker script and memory map

LOAD c:/users/nazih/.platformio/packages/toolchain-gccarmnoneeabi@1.70201.0/bin/../lib/gcc/arm-none-eabi/7.2.1/thumb/v7e-m/crti.o
LOAD c:/users/nazih/.platformio/packages/toolchain-gccarmnoneeabi@1.70201.0/bin/../lib/gcc/arm-none-eabi/7.2.1/thumb/v7e-m/crtbegin.o
LOAD c:/users/nazih/.platformio/packages/toolchain-gccarmnoneeabi@1.70201.0/bin/../lib/gcc/arm-none-eabi/7.2.1/../../../../arm-none-eabi/lib/thumb/v7e-m/crt0.o
LOAD .pio\build\black_f407vg\FrameworkCMSIS\gcc\startup_stm32f407xx.o
LOAD .pio\build\black_f407vg\FrameworkCMSIS\system_stm32f4xx.o
LOAD .pio\build\black_f407vg\src\ADC_HAL.o
LOAD .pio\build\black_f407vg\src\DMA_HAL.o
LOAD .pio\build\black_f407vg\src\EXTI_HAL.o
LOAD .pio\build\black_f407vg\src\GPIO_HAL.o
LOAD .pio\build\black_f407vg\src\I2C_HAL.o
LOAD .pio\build\black_f407vg\src\RCC_HAL.o
LOAD .pio\build\black_f407vg\src\TIMER.HAL.o
LOAD .pio\build\black_f407vg\src\UART_HAL.o
LOAD .pio\build\black_f407vg\src\main.o
START GROUP
LOAD c:/users/nazih/.platformio/packages/toolchain-gccarmnoneeabi@1.70201.0/bin/../lib/gcc/arm-none-eabi/7.2.1/../../../../arm-none-eabi/lib/thumb/v7e-m\libc_nano.a
LOAD c:/users/nazih/.platformio/packages/toolchain-gccarmnoneeabi@1.70201.0/bin/../lib/gcc/arm-none-eabi/7.2.1/thumb/v7e-m\libgcc.a
LOAD c:/users/nazih/.platformio/packages/toolchain-gccarmnoneeabi@1.70201.0/bin/../lib/gcc/arm-none-eabi/7.2.1/../../../../arm-none-eabi/lib/thumb/v7e-m\libm.a
LOAD c:/users/nazih/.platformio/packages/toolchain-gccarmnoneeabi@1.70201.0/bin/../lib/gcc/arm-none-eabi/7.2.1/../../../../arm-none-eabi/lib/thumb/v7e-m\libstdc++_nano.a
END GROUP
START GROUP
LOAD c:/users/nazih/.platformio/packages/toolchain-gccarmnoneeabi@1.70201.0/bin/../lib/gcc/arm-none-eabi/7.2.1/thumb/v7e-m\libgcc.a
LOAD c:/users/nazih/.platformio/packages/toolchain-gccarmnoneeabi@1.70201.0/bin/../lib/gcc/arm-none-eabi/7.2.1/../../../../arm-none-eabi/lib/thumb/v7e-m\libc_nano.a
END GROUP
START GROUP
LOAD c:/users/nazih/.platformio/packages/toolchain-gccarmnoneeabi@1.70201.0/bin/../lib/gcc/arm-none-eabi/7.2.1/thumb/v7e-m\libgcc.a
LOAD c:/users/nazih/.platformio/packages/toolchain-gccarmnoneeabi@1.70201.0/bin/../lib/gcc/arm-none-eabi/7.2.1/../../../../arm-none-eabi/lib/thumb/v7e-m\libc_nano.a
LOAD c:/users/nazih/.platformio/packages/toolchain-gccarmnoneeabi@1.70201.0/bin/../lib/gcc/arm-none-eabi/7.2.1/../../../../arm-none-eabi/lib/thumb/v7e-m\libnosys.a
END GROUP
START GROUP
LOAD c:/users/nazih/.platformio/packages/toolchain-gccarmnoneeabi@1.70201.0/bin/../lib/gcc/arm-none-eabi/7.2.1/thumb/v7e-m\libgcc.a
LOAD c:/users/nazih/.platformio/packages/toolchain-gccarmnoneeabi@1.70201.0/bin/../lib/gcc/arm-none-eabi/7.2.1/../../../../arm-none-eabi/lib/thumb/v7e-m\libc_nano.a
LOAD c:/users/nazih/.platformio/packages/toolchain-gccarmnoneeabi@1.70201.0/bin/../lib/gcc/arm-none-eabi/7.2.1/../../../../arm-none-eabi/lib/thumb/v7e-m\libnosys.a
END GROUP
LOAD c:/users/nazih/.platformio/packages/toolchain-gccarmnoneeabi@1.70201.0/bin/../lib/gcc/arm-none-eabi/7.2.1/thumb/v7e-m/crtend.o
LOAD c:/users/nazih/.platformio/packages/toolchain-gccarmnoneeabi@1.70201.0/bin/../lib/gcc/arm-none-eabi/7.2.1/thumb/v7e-m/crtn.o
                0x20020000                _estack = (ORIGIN (RAM) + LENGTH (RAM))
                0x00000200                _Min_Heap_Size = 0x200
                0x00000400                _Min_Stack_Size = 0x400

.isr_vector     0x08000000      0x188
                0x08000000                . = ALIGN (0x4)
 *(.isr_vector)
 .isr_vector    0x08000000      0x188 .pio\build\black_f407vg\FrameworkCMSIS\gcc\startup_stm32f407xx.o
                0x08000000                g_pfnVectors
                0x08000188                . = ALIGN (0x4)

.text           0x08000188      0x994
                0x08000188                . = ALIGN (0x4)
 *(.text)
 .text          0x08000188       0x40 c:/users/nazih/.platformio/packages/toolchain-gccarmnoneeabi@1.70201.0/bin/../lib/gcc/arm-none-eabi/7.2.1/thumb/v7e-m/crtbegin.o
 *(.text*)
 .text.Reset_Handler
                0x080001c8       0x50 .pio\build\black_f407vg\FrameworkCMSIS\gcc\startup_stm32f407xx.o
                0x080001c8                Reset_Handler
 .text.Default_Handler
                0x08000218        0x2 .pio\build\black_f407vg\FrameworkCMSIS\gcc\startup_stm32f407xx.o
                0x08000218                RTC_Alarm_IRQHandler
                0x08000218                HASH_RNG_IRQHandler
                0x08000218                EXTI2_IRQHandler
                0x08000218                TIM8_CC_IRQHandler
                0x08000218                DebugMon_Handler
                0x08000218                TIM1_CC_IRQHandler
                0x08000218                DMA2_Stream5_IRQHandler
                0x08000218                HardFault_Handler
                0x08000218                DMA1_Stream5_IRQHandler
                0x08000218                SysTick_Handler
                0x08000218                PVD_IRQHandler
                0x08000218                SDIO_IRQHandler
                0x08000218                TAMP_STAMP_IRQHandler
                0x08000218                PendSV_Handler
                0x08000218                NMI_Handler
                0x08000218                CAN2_RX1_IRQHandler
                0x08000218                EXTI3_IRQHandler
                0x08000218                TIM8_TRG_COM_TIM14_IRQHandler
                0x08000218                TIM1_UP_TIM10_IRQHandler
                0x08000218                TIM8_UP_TIM13_IRQHandler
                0x08000218                I2C3_ER_IRQHandler
                0x08000218                EXTI0_IRQHandler
                0x08000218                I2C2_EV_IRQHandler
                0x08000218                DMA1_Stream2_IRQHandler
                0x08000218                CAN1_RX0_IRQHandler
                0x08000218                FPU_IRQHandler
                0x08000218                OTG_HS_WKUP_IRQHandler
                0x08000218                UsageFault_Handler
                0x08000218                CAN2_SCE_IRQHandler
                0x08000218                DMA2_Stream2_IRQHandler
                0x08000218                SPI1_IRQHandler
                0x08000218                TIM6_DAC_IRQHandler
                0x08000218                TIM1_BRK_TIM9_IRQHandler
                0x08000218                DCMI_IRQHandler
                0x08000218                CAN2_RX0_IRQHandler
                0x08000218                DMA2_Stream3_IRQHandler
                0x08000218                USART6_IRQHandler
                0x08000218                USART3_IRQHandler
                0x08000218                CAN1_RX1_IRQHandler
                0x08000218                UART5_IRQHandler
                0x08000218                DMA2_Stream0_IRQHandler
                0x08000218                TIM4_IRQHandler
                0x08000218                I2C1_EV_IRQHandler
                0x08000218                DMA1_Stream6_IRQHandler
                0x08000218                DMA1_Stream1_IRQHandler
                0x08000218                UART4_IRQHandler
                0x08000218                TIM3_IRQHandler
                0x08000218                RCC_IRQHandler
                0x08000218                TIM8_BRK_TIM12_IRQHandler
                0x08000218                Default_Handler
                0x08000218                EXTI15_10_IRQHandler
                0x08000218                ADC_IRQHandler
                0x08000218                DMA1_Stream7_IRQHandler
                0x08000218                TIM7_IRQHandler
                0x08000218                CAN2_TX_IRQHandler
                0x08000218                TIM5_IRQHandler
                0x08000218                DMA2_Stream7_IRQHandler
                0x08000218                I2C3_EV_IRQHandler
                0x08000218                EXTI9_5_IRQHandler
                0x08000218                RTC_WKUP_IRQHandler
                0x08000218                ETH_WKUP_IRQHandler
                0x08000218                SPI2_IRQHandler
                0x08000218                OTG_HS_EP1_IN_IRQHandler
                0x08000218                MemManage_Handler
                0x08000218                DMA1_Stream0_IRQHandler
                0x08000218                CAN1_TX_IRQHandler
                0x08000218                SVC_Handler
                0x08000218                EXTI4_IRQHandler
                0x08000218                FSMC_IRQHandler
                0x08000218                ETH_IRQHandler
                0x08000218                OTG_HS_EP1_OUT_IRQHandler
                0x08000218                WWDG_IRQHandler
                0x08000218                OTG_FS_WKUP_IRQHandler
                0x08000218                TIM1_TRG_COM_TIM11_IRQHandler
                0x08000218                OTG_HS_IRQHandler
                0x08000218                EXTI1_IRQHandler
                0x08000218                USART2_IRQHandler
                0x08000218                I2C2_ER_IRQHandler
                0x08000218                DMA2_Stream1_IRQHandler
                0x08000218                CAN1_SCE_IRQHandler
                0x08000218                FLASH_IRQHandler
                0x08000218                DMA2_Stream4_IRQHandler
                0x08000218                BusFault_Handler
                0x08000218                USART1_IRQHandler
                0x08000218                OTG_FS_IRQHandler
                0x08000218                SPI3_IRQHandler
                0x08000218                DMA1_Stream4_IRQHandler
                0x08000218                I2C1_ER_IRQHandler
                0x08000218                DMA2_Stream6_IRQHandler
                0x08000218                DMA1_Stream3_IRQHandler
 *fill*         0x0800021a        0x2 
 .text.SystemInit
                0x0800021c       0x10 .pio\build\black_f407vg\FrameworkCMSIS\system_stm32f4xx.o
                0x0800021c                SystemInit
 .text.assert_failed
                0x0800022c       0x24 .pio\build\black_f407vg\src\EXTI_HAL.o
                0x0800022c                assert_failed
 .text.GPIO_PinMode
                0x08000250       0x94 .pio\build\black_f407vg\src\GPIO_HAL.o
                0x08000250                GPIO_PinMode
 .text.GPIO_SetAFmode
                0x080002e4       0x9c .pio\build\black_f407vg\src\GPIO_HAL.o
                0x080002e4                GPIO_SetAFmode
 .text.GPIO_TogglePin
                0x08000380       0x74 .pio\build\black_f407vg\src\GPIO_HAL.o
                0x08000380                GPIO_TogglePin
 .text.GPIO_PupPdown
                0x080003f4       0x94 .pio\build\black_f407vg\src\GPIO_HAL.o
                0x080003f4                GPIO_PupPdown
 .text.GPIO_Output_Type
                0x08000488       0x8c .pio\build\black_f407vg\src\GPIO_HAL.o
                0x08000488                GPIO_Output_Type
 .text.GPIO_Output_Speed
                0x08000514       0x94 .pio\build\black_f407vg\src\GPIO_HAL.o
                0x08000514                GPIO_Output_Speed
 .text.GPIO_EnableClock
                0x080005a8       0xbc .pio\build\black_f407vg\src\GPIO_HAL.o
                0x080005a8                GPIO_EnableClock
 .text.GPIO_Init
                0x08000664      0x144 .pio\build\black_f407vg\src\GPIO_HAL.o
                0x08000664                GPIO_Init
 .text.TIM_PWM_EnableChannel
                0x080007a8       0x72 .pio\build\black_f407vg\src\TIMER.HAL.o
                0x080007a8                TIM_PWM_EnableChannel
 .text.TIM_PWM_SetDutyCycle
                0x0800081a       0x3a .pio\build\black_f407vg\src\TIMER.HAL.o
                0x0800081a                TIM_PWM_SetDutyCycle
 .text.TIM_Start
                0x08000854        0xe .pio\build\black_f407vg\src\TIMER.HAL.o
                0x08000854                TIM_Start
 .text.TIM_GetFlagStatus
                0x08000862        0x8 .pio\build\black_f407vg\src\TIMER.HAL.o
                0x08000862                TIM_GetFlagStatus
 .text.TIM_ClearFlag
                0x0800086a        0xa .pio\build\black_f407vg\src\TIMER.HAL.o
                0x0800086a                TIM_ClearFlag
 .text.TIM_EnableClock
                0x08000874       0x7c .pio\build\black_f407vg\src\TIMER.HAL.o
                0x08000874                TIM_EnableClock
 .text.TIM_GetIRQn
                0x080008f0       0x40 .pio\build\black_f407vg\src\TIMER.HAL.o
                0x080008f0                TIM_GetIRQn
 .text.TIM_EnableInterrupt
                0x08000930       0x60 .pio\build\black_f407vg\src\TIMER.HAL.o
                0x08000930                TIM_EnableInterrupt
 .text.TIM_Init
                0x08000990       0x30 .pio\build\black_f407vg\src\TIMER.HAL.o
                0x08000990                TIM_Init
 .text.TIM2_IRQHandler
                0x080009c0       0x28 .pio\build\black_f407vg\src\main.o
                0x080009c0                TIM2_IRQHandler
 .text.startup.main
                0x080009e8       0xd4 .pio\build\black_f407vg\src\main.o
                0x080009e8                main
 .text.__libc_init_array
                0x08000abc       0x48 c:/users/nazih/.platformio/packages/toolchain-gccarmnoneeabi@1.70201.0/bin/../lib/gcc/arm-none-eabi/7.2.1/../../../../arm-none-eabi/lib/thumb/v7e-m\libc_nano.a(lib_a-init.o)
                0x08000abc                __libc_init_array
 *(.glue_7)
 .glue_7        0x08000b04        0x0 linker stubs
 *(.glue_7t)
 .glue_7t       0x08000b04        0x0 linker stubs
 *(.eh_frame)
 .eh_frame      0x08000b04        0x0 c:/users/nazih/.platformio/packages/toolchain-gccarmnoneeabi@1.70201.0/bin/../lib/gcc/arm-none-eabi/7.2.1/thumb/v7e-m/crtbegin.o
 *(.init)
 .init          0x08000b04        0x4 c:/users/nazih/.platformio/packages/toolchain-gccarmnoneeabi@1.70201.0/bin/../lib/gcc/arm-none-eabi/7.2.1/thumb/v7e-m/crti.o
                0x08000b04                _init
 .init          0x08000b08        0x8 c:/users/nazih/.platformio/packages/toolchain-gccarmnoneeabi@1.70201.0/bin/../lib/gcc/arm-none-eabi/7.2.1/thumb/v7e-m/crtn.o
 *(.fini)
 .fini          0x08000b10        0x4 c:/users/nazih/.platformio/packages/toolchain-gccarmnoneeabi@1.70201.0/bin/../lib/gcc/arm-none-eabi/7.2.1/thumb/v7e-m/crti.o
                0x08000b10                _fini
 .fini          0x08000b14        0x8 c:/users/nazih/.platformio/packages/toolchain-gccarmnoneeabi@1.70201.0/bin/../lib/gcc/arm-none-eabi/7.2.1/thumb/v7e-m/crtn.o
                0x08000b1c                . = ALIGN (0x4)
                0x08000b1c                _etext = .

.vfp11_veneer   0x08000b1c        0x0
 .vfp11_veneer  0x08000b1c        0x0 linker stubs

.v4_bx          0x08000b1c        0x0
 .v4_bx         0x08000b1c        0x0 linker stubs

.iplt           0x08000b1c        0x0
 .iplt          0x08000b1c        0x0 c:/users/nazih/.platformio/packages/toolchain-gccarmnoneeabi@1.70201.0/bin/../lib/gcc/arm-none-eabi/7.2.1/thumb/v7e-m/crtbegin.o

.rodata         0x08000b1c       0x18
                0x08000b1c                . = ALIGN (0x4)
 *(.rodata)
 .rodata        0x08000b1c        0x6 .pio\build\black_f407vg\src\main.o
 *(.rodata*)
 .rodata.GPIO_PinMode.str1.1
                0x08000b22        0xf .pio\build\black_f407vg\src\GPIO_HAL.o
                0x08000b34                . = ALIGN (0x4)
 *fill*         0x08000b31        0x3 

.rel.dyn        0x08000b34        0x0
 .rel.iplt      0x08000b34        0x0 c:/users/nazih/.platformio/packages/toolchain-gccarmnoneeabi@1.70201.0/bin/../lib/gcc/arm-none-eabi/7.2.1/thumb/v7e-m/crtbegin.o

.ARM.extab      0x08000b34        0x0
                0x08000b34                . = ALIGN (0x4)
 *(.ARM.extab* .gnu.linkonce.armextab.*)
                0x08000b34                . = ALIGN (0x4)

.ARM            0x08000b34        0x0
                0x08000b34                . = ALIGN (0x4)
                0x08000b34                __exidx_start = .
 *(.ARM.exidx*)
                0x08000b34                __exidx_end = .
                0x08000b34                . = ALIGN (0x4)

.preinit_array  0x08000b34        0x0
                0x08000b34                . = ALIGN (0x4)
                0x08000b34                PROVIDE (__preinit_array_start, .)
 *(.preinit_array*)
                0x08000b34                PROVIDE (__preinit_array_end, .)
                0x08000b34                . = ALIGN (0x4)

.init_array     0x08000b34        0x4
                0x08000b34                . = ALIGN (0x4)
                0x08000b34                PROVIDE (__init_array_start, .)
 *(SORT_BY_NAME(.init_array.*))
 *(.init_array*)
 .init_array    0x08000b34        0x4 c:/users/nazih/.platformio/packages/toolchain-gccarmnoneeabi@1.70201.0/bin/../lib/gcc/arm-none-eabi/7.2.1/thumb/v7e-m/crtbegin.o
                0x08000b38                PROVIDE (__init_array_end, .)
                0x08000b38                . = ALIGN (0x4)

.fini_array     0x08000b38        0x4
                0x08000b38                . = ALIGN (0x4)
                [!provide]                PROVIDE (__fini_array_start, .)
 *(SORT_BY_NAME(.fini_array.*))
 *(.fini_array*)
 .fini_array    0x08000b38        0x4 c:/users/nazih/.platformio/packages/toolchain-gccarmnoneeabi@1.70201.0/bin/../lib/gcc/arm-none-eabi/7.2.1/thumb/v7e-m/crtbegin.o
                [!provide]                PROVIDE (__fini_array_end, .)
                0x08000b3c                . = ALIGN (0x4)
                0x08000b3c                _sidata = LOADADDR (.data)

.data           0x20000000        0x0 load address 0x08000b3c
                0x20000000                . = ALIGN (0x4)
                0x20000000                _sdata = .
 *(.data)
 *(.data*)
 *(.RamFunc)
 *(.RamFunc*)
                0x20000000                . = ALIGN (0x4)
                0x20000000                _edata = .
                0x08000b3c                _siccmram = LOADADDR (.ccmram)

.igot.plt       0x20000000        0x0 load address 0x08000b3c
 .igot.plt      0x20000000        0x0 c:/users/nazih/.platformio/packages/toolchain-gccarmnoneeabi@1.70201.0/bin/../lib/gcc/arm-none-eabi/7.2.1/thumb/v7e-m/crtbegin.o

.ccmram         0x10000000        0x0 load address 0x08000b3c
                0x10000000                . = ALIGN (0x4)
                0x10000000                _sccmram = .
 *(.ccmram)
 *(.ccmram*)
                0x10000000                . = ALIGN (0x4)
                0x10000000                _eccmram = .
                0x10000000                . = ALIGN (0x4)

.bss            0x20000000       0x1c
                0x20000000                _sbss = .
                0x20000000                __bss_start__ = _sbss
 *(.bss)
 .bss           0x20000000       0x1c c:/users/nazih/.platformio/packages/toolchain-gccarmnoneeabi@1.70201.0/bin/../lib/gcc/arm-none-eabi/7.2.1/thumb/v7e-m/crtbegin.o
 *(.bss*)
 *(COMMON)
                0x2000001c                . = ALIGN (0x4)
                0x2000001c                _ebss = .
                0x2000001c                __bss_end__ = _ebss

._user_heap_stack
                0x2000001c      0x604
                0x20000020                . = ALIGN (0x8)
 *fill*         0x2000001c        0x4 
                [!provide]                PROVIDE (end, .)
                [!provide]                PROVIDE (_end, .)
                0x20000220                . = (. + _Min_Heap_Size)
 *fill*         0x20000020      0x200 
                0x20000620                . = (. + _Min_Stack_Size)
 *fill*         0x20000220      0x400 
                0x20000620                . = ALIGN (0x8)

/DISCARD/
 libc.a(*)
 libm.a(*)
 libgcc.a(*)

.ARM.attributes
                0x00000000       0x2a
 *(.ARM.attributes)
 .ARM.attributes
                0x00000000       0x1e c:/users/nazih/.platformio/packages/toolchain-gccarmnoneeabi@1.70201.0/bin/../lib/gcc/arm-none-eabi/7.2.1/thumb/v7e-m/crti.o
 .ARM.attributes
                0x0000001e       0x2e c:/users/nazih/.platformio/packages/toolchain-gccarmnoneeabi@1.70201.0/bin/../lib/gcc/arm-none-eabi/7.2.1/thumb/v7e-m/crtbegin.o
 .ARM.attributes
                0x0000004c       0x21 .pio\build\black_f407vg\FrameworkCMSIS\gcc\startup_stm32f407xx.o
 .ARM.attributes
                0x0000006d       0x33 .pio\build\black_f407vg\FrameworkCMSIS\system_stm32f4xx.o
 .ARM.attributes
                0x000000a0       0x33 .pio\build\black_f407vg\src\EXTI_HAL.o
 .ARM.attributes
                0x000000d3       0x33 .pio\build\black_f407vg\src\GPIO_HAL.o
 .ARM.attributes
                0x00000106       0x33 .pio\build\black_f407vg\src\TIMER.HAL.o
 .ARM.attributes
                0x00000139       0x33 .pio\build\black_f407vg\src\main.o
 .ARM.attributes
                0x0000016c       0x2e c:/users/nazih/.platformio/packages/toolchain-gccarmnoneeabi@1.70201.0/bin/../lib/gcc/arm-none-eabi/7.2.1/../../../../arm-none-eabi/lib/thumb/v7e-m\libc_nano.a(lib_a-init.o)
 .ARM.attributes
                0x0000019a       0x1e c:/users/nazih/.platformio/packages/toolchain-gccarmnoneeabi@1.70201.0/bin/../lib/gcc/arm-none-eabi/7.2.1/thumb/v7e-m/crtn.o
OUTPUT(.pio\build\black_f407vg\firmware.elf elf32-littlearm)

.comment        0x00000000       0x7e
 .comment       0x00000000       0x7e .pio\build\black_f407vg\FrameworkCMSIS\system_stm32f4xx.o
                                 0x7f (size before relaxing)
 .comment       0x0000007e       0x7f .pio\build\black_f407vg\src\EXTI_HAL.o
 .comment       0x0000007e       0x7f .pio\build\black_f407vg\src\GPIO_HAL.o
 .comment       0x0000007e       0x7f .pio\build\black_f407vg\src\TIMER.HAL.o
 .comment       0x0000007e       0x7f .pio\build\black_f407vg\src\main.o

.debug_frame    0x00000000       0x2c
 .debug_frame   0x00000000       0x2c c:/users/nazih/.platformio/packages/toolchain-gccarmnoneeabi@1.70201.0/bin/../lib/gcc/arm-none-eabi/7.2.1/../../../../arm-none-eabi/lib/thumb/v7e-m\libc_nano.a(lib_a-init.o)
